MPLINK 4.48, Linker
Linker Map File - Created Mon Mar 09 10:03:35 2015

                                 Section Info
                  Section       Type    Address   Location Size(Bytes)
                ---------  ---------  ---------  ---------  ---------
                   .org_0       code   0x000000    program   0x000004
                   .cinit    romdata   0x000004    program   0x000002
                   .org_1       code   0x000008    program   0x000004
                   .org_2       code   0x000018    program   0x000004
                    .code       code   0x00001c    program   0x0000b8
             RESET_VECTOR       code   0x002000    program   0x000004
            HI_INT_VECTOR       code   0x002008    program   0x000004
           LOW_INT_VECTOR       code   0x002018    program   0x000004
               .udata_acs      udata   0x000000       data   0x000001
                   .udata      udata   0x000300       data   0x00000c



                              Program Memory Usage 
                               Start         End      
                           ---------   ---------      
                            0x000000    0x000005      
                            0x000008    0x00000b      
                            0x000018    0x0000d3      
                            0x002000    0x002003      
                            0x002008    0x00200b      
                            0x002018    0x00201b      
            210 out of 33048 program addresses used, program memory utilization is 0%



                              Symbols - Sorted by Name
                     Name    Address   Location    Storage File                     
                ---------  ---------  ---------  --------- ---------                
                    Delay   0x000080    program     static E:\03\subroutine.asm     
                   Delay1   0x00006e    program     static E:\03\subroutine.asm     
                   Delay2   0x000072    program     static E:\03\subroutine.asm     
               DelayExtra   0x000084    program     static E:\03\subroutine.asm     
               DelayInner   0x00008c    program     static E:\03\subroutine.asm     
                 DelayLCD   0x00006a    program     static E:\03\subroutine.asm     
               DelayOuter   0x000088    program     static E:\03\subroutine.asm     
                    Epuls   0x00005c    program     static E:\03\subroutine.asm     
                  HighInt   0x00001c    program     static E:\03\03.asm             
                   LowInt   0x00001e    program     static E:\03\03.asm             
                     Main   0x000038    program     static E:\03\03.asm             
                  deling1   0x0000a6    program     static E:\03\subroutine.asm     
                  deling2   0x0000bc    program     static E:\03\subroutine.asm     
                    flags   0x00003a    program     static E:\03\03.asm             
                      lus   0x00005a    program     static E:\03\03.asm             
               lusdeling1   0x0000a8    program     static E:\03\subroutine.asm     
               lusdeling2   0x0000be    program     static E:\03\subroutine.asm     
                     mult   0x000040    program     static E:\03\03.asm             
        omzettingDecimaal   0x0000a0    program     static E:\03\subroutine.asm     
                    ports   0x00004e    program     static E:\03\03.asm             
                 BSR_TEMP   0x000302       data     static E:\03\03.asm             
                    DVAR1   0x000303       data     static E:\03\03.asm             
                    DVAR2   0x000304       data     static E:\03\03.asm             
                    DVAR3   0x000305       data     static E:\03\03.asm             
                  EXAMPLE   0x000000       data     static E:\03\03.asm             
              STATUS_TEMP   0x000301       data     static E:\03\03.asm             
                WREG_TEMP   0x000300       data     static E:\03\03.asm             
                  deeltal   0x000309       data     static E:\03\03.asm             
                  eenheid   0x000308       data     static E:\03\03.asm             
               honderdtal   0x000306       data     static E:\03\03.asm             
                 quotient   0x00030a       data     static E:\03\03.asm             
                  tiental   0x000307       data     static E:\03\03.asm             
                voorbeeld   0x00030b       data     static E:\03\03.asm             



                              Symbols - Sorted by Address
                     Name    Address   Location    Storage File                     
                ---------  ---------  ---------  --------- ---------                
                  HighInt   0x00001c    program     static E:\03\03.asm             
                   LowInt   0x00001e    program     static E:\03\03.asm             
                     Main   0x000038    program     static E:\03\03.asm             
                    flags   0x00003a    program     static E:\03\03.asm             
                     mult   0x000040    program     static E:\03\03.asm             
                    ports   0x00004e    program     static E:\03\03.asm             
                      lus   0x00005a    program     static E:\03\03.asm             
                    Epuls   0x00005c    program     static E:\03\subroutine.asm     
                 DelayLCD   0x00006a    program     static E:\03\subroutine.asm     
                   Delay1   0x00006e    program     static E:\03\subroutine.asm     
                   Delay2   0x000072    program     static E:\03\subroutine.asm     
                    Delay   0x000080    program     static E:\03\subroutine.asm     
               DelayExtra   0x000084    program     static E:\03\subroutine.asm     
               DelayOuter   0x000088    program     static E:\03\subroutine.asm     
               DelayInner   0x00008c    program     static E:\03\subroutine.asm     
        omzettingDecimaal   0x0000a0    program     static E:\03\subroutine.asm     
                  deling1   0x0000a6    program     static E:\03\subroutine.asm     
               lusdeling1   0x0000a8    program     static E:\03\subroutine.asm     
                  deling2   0x0000bc    program     static E:\03\subroutine.asm     
               lusdeling2   0x0000be    program     static E:\03\subroutine.asm     
                  EXAMPLE   0x000000       data     static E:\03\03.asm             
                WREG_TEMP   0x000300       data     static E:\03\03.asm             
              STATUS_TEMP   0x000301       data     static E:\03\03.asm             
                 BSR_TEMP   0x000302       data     static E:\03\03.asm             
                    DVAR1   0x000303       data     static E:\03\03.asm             
                    DVAR2   0x000304       data     static E:\03\03.asm             
                    DVAR3   0x000305       data     static E:\03\03.asm             
               honderdtal   0x000306       data     static E:\03\03.asm             
                  tiental   0x000307       data     static E:\03\03.asm             
                  eenheid   0x000308       data     static E:\03\03.asm             
                  deeltal   0x000309       data     static E:\03\03.asm             
                 quotient   0x00030a       data     static E:\03\03.asm             
                voorbeeld   0x00030b       data     static E:\03\03.asm             


